air
anak
awal
badan
bahasa
baik
bantu
baru
batu
besar
beli
bentuk
berita
bicara
buku
bulan
bumi
cahaya
cara
cerita
cinta
dalam
dana
dasar
daerah
datang
daya
desa
dewasa
digital
diri
dunia
email
gambar
guna
guru
hari
hasil
hati
hidup
hukum
ilmu
jalan
jasa
jauh
jual
jumlah
kabupaten
kabar
kaki
kantor
karya
kata
kayu
kecil
keluarga
kembali
kerja
kertas
kota
kualitas
kuat
laki
lama
lapor
laut
layanan
lembaga
lingkungan
lokasi
luar
maju
makan
malam
manusia
masalah
masuk
mata
media
merah
milik
modal
muda
nama
negara
nilai
nomor
orang
pagi
pakai
papan
pasar
pekerja
pelajar
pelayanan
pendidikan
pengguna
penting
perintah
perusahaan
produk
program
proses
pusat
rahasia
rakyat
ruang
rumah
sama
satu
sekolah
sejarah
sistem
situs
sosial
sumber
surat
tahun
tempat
tinggi
toko
tujuan
tulis
uang
usaha
utama
waktu
warna
wilayah
wisata