berita
bisnis
bola
bolaindo
politik
nasional
metro
regional
internasional
teknologi
sains
kesehatan
pendidikan
ekonomi
finansial
otomotif
travel
wisata
kuliner
lifestyle
hiburan
olahraga
sepakbola
basket
kampus
sekolah
universitas
mahasiswa
perusahaan
startup
media
news
blog
forum
login
admin
api
app
web
mail
email
shop
store
support
help
portal
newsroom
contact
about
id
indonesia
jakarta
bandung
surabaya
semarang
medan
makassar
banjarmasin
balikpapan
banjarbaru
bali
jogja
yogyakarta
malang
solo
palembang
pekanbaru
pontianak
samarinda
manado
padang
batam
bogor
depok
tangerang
bekasi
cirebon
serang
lampung
aceh
papua
kalimantan
sumatera
sulawesi
jawa
nusantara