www
mail
webmail
smtp
pop
imap
ftp
sftp
ssh
vpn
api
api1
api2
dev
dev1
dev2
develop
development
stage
staging
test
testing
qa
uat
prod
production
beta
alpha
demo
sandbox
portal
admin
administrator
login
signin
signup
auth
authentication
authz
account
accounts
user
users
app
app1
app2
mobile
m
blog
news
forum
support
help
docs
documentation
status
monitor
monitoring
metrics
analytics
cdn
static
assets
img
images
media
files
upload
uploads
download
downloads
backup
backups
old
legacy
internal
intranet
extranet
private
public
secure
gateway
proxy
edge
node
server
server1
server2
cloud
storage
db
database
mysql
postgres
redis
elastic
elasticsearch
kibana
grafana
jenkins
git
gitlab
github
bitbucket
registry
docker
k8s
kubernetes
console
cpanel
whm
plesk
panel
webdisk
calendar
contacts
remote
rdp
citrix
exchange
office
owa
vpn1
vpn2
ns1
ns2
dns
resolver
router
firewall
proxy1
proxy2